
> build
> vite build

vite v8.0.16 building client environment for production...
[plugin @laravel/vite-plugin-wayfinder] Types generated for actions, routes, form variants
[2Ktransforming...✓ 3262 modules transformed.
✗ Build failed in 2.43s
error during build:
Build failed with 1 error:

[plugin vite:vue] /home/shreyash/Desktop/onelink/ilusion_secrets/resources/js/pages/Welcome.vue:undefined:undefined
SyntaxError: v-else/v-else-if has no adjacent v-if or v-else-if.

/home/shreyash/Desktop/onelink/ilusion_secrets/resources/js/pages/Welcome.vue
582|                      </div>
583|                  </div>
584|                  <div v-else-if="isDecrypting" class="flex flex-col gap-6 animate-[fadeIn_0.3s_ease-out]">
   |                  ^^^^^^^^^^^^^^^^^^^^^^^^^^^^^^^^^^^^^^^^^^^^^^^^^^^^^^^^^^^^^^^^^^^^^^^^^^^^^^^^^^^^^^^^^
585|                      <!-- Decrypt/Read View -->
   |  ^^^^^^^^^^^^^^^^^^^^^^^^^^^^^^^^^^^^^^^^^^^^^^
586|                      <div class="flex items-center gap-3 text-vault-primary">
   |  ^^^^^^^^^^^^^^^^^^^^^^^^^^^^^^^^^^^^^^^^^^^^^^^^^^^^^^^^^^^^^^^^^^^^^^^^^^^^
587|                          <span class="material-symbols-outlined text-[28px]">lock_open</span>
   |  ^^^^^^^^^^^^^^^^^^^^^^^^^^^^^^^^^^^^^^^^^^^^^^^^^^^^^^^^^^^^^^^^^^^^^^^^^^^^^^^^^^^^^^^^^^^^
588|                          <h2 class="font-headline-md text-headline-md font-bold">Secret Retrieved</h2>
   |  ^^^^^^^^^^^^^^^^^^^^^^^^^^^^^^^^^^^^^^^^^^^^^^^^^^^^^^^^^^^^^^^^^^^^^^^^^^^^^^^^^^^^^^^^^^^^^^^^^^^^^
589|                      </div>
   |  ^^^^^^^^^^^^^^^^^^^^^^^^^^
590|  
   |  ^
591|                      <div v-if="fetchedSecretPayload?.encryption_hint" class="bg-vault-surface-container-low border border-vault-outline-variant p-4 rounded text-vault-on-surface text-sm">
   |  ^^^^^^^^^^^^^^^^^^^^^^^^^^^^^^^^^^^^^^^^^^^^^^^^^^^^^^^^^^^^^^^^^^^^^^^^^^^^^^^^^^^^^^^^^^^^^^^^^^^^^^^^^^^^^^^^^^^^^^^^^^^^^^^^^^^^^^^^^^^^^^^^^^^^^^^^^^^^^^^^^^^^^^^^^^^^^^^^^^^^^^^^^^^
592|                          <strong class="text-vault-secondary">Hint:</strong> {{ fetchedSecretPayload.encryption_hint }}
   |  ^^^^^^^^^^^^^^^^^^^^^^^^^^^^^^^^^^^^^^^^^^^^^^^^^^^^^^^^^^^^^^^^^^^^^^^^^^^^^^^^^^^^^^^^^^^^^^^^^^^^^^^^^^^^^^^^^^^^^^
593|                      </div>
   |  ^^^^^^^^^^^^^^^^^^^^^^^^^^
594|  
   |  ^
595|                      <div v-if="!decryptedPayload" class="flex flex-col gap-4">
   |  ^^^^^^^^^^^^^^^^^^^^^^^^^^^^^^^^^^^^^^^^^^^^^^^^^^^^^^^^^^^^^^^^^^^^^^^^^^^^^^
596|                          <p class="font-body-md text-body-md text-vault-on-surface-variant">
   |  ^^^^^^^^^^^^^^^^^^^^^^^^^^^^^^^^^^^^^^^^^^^^^^^^^^^^^^^^^^^^^^^^^^^^^^^^^^^^^^^^^^^^^^^^^^^
597|                              This secret requires a decryption key.
   |  ^^^^^^^^^^^^^^^^^^^^^^^^^^^^^^^^^^^^^^^^^^^^^^^^^^^^^^^^^^^^^^^^^^
598|                          </p>
   |  ^^^^^^^^^^^^^^^^^^^^^^^^^^^^
599|                          
   |  ^^^^^^^^^^^^^^^^^^^^^^^^
600|                          <div class="flex flex-col gap-2">
   |  ^^^^^^^^^^^^^^^^^^^^^^^^^^^^^^^^^^^^^^^^^^^^^^^^^^^^^^^^^
601|                              <label class="font-label-sm text-label-sm uppercase text-vault-secondary select-none">Decryption Key</label>
   |  ^^^^^^^^^^^^^^^^^^^^^^^^^^^^^^^^^^^^^^^^^^^^^^^^^^^^^^^^^^^^^^^^^^^^^^^^^^^^^^^^^^^^^^^^^^^^^^^^^^^^^^^^^^^^^^^^^^^^^^^^^^^^^^^^^^^^^^^^
602|                              <input
   |  ^^^^^^^^^^^^^^^^^^^^^^^^^^^^^^^^^^
603|                                  v-model="decryptionKey"
   |  ^^^^^^^^^^^^^^^^^^^^^^^^^^^^^^^^^^^^^^^^^^^^^^^^^^^^^^^
604|                                  type="password"
   |  ^^^^^^^^^^^^^^^^^^^^^^^^^^^^^^^^^^^^^^^^^^^^^^^
605|                                  @keyup.enter="handleDecrypt"
   |  ^^^^^^^^^^^^^^^^^^^^^^^^^^^^^^^^^^^^^^^^^^^^^^^^^^^^^^^^^^^^
606|                                  class="w-full bg-vault-surface-container-low border border-vault-outline-variant rounded py-3 px-4 font-body-md text-body-md text-vault-on-surface focus:outline-none focus:border-vault-primary focus:ring-1 focus:ring-vault-primary transition-all placeholder:text-vault-outline"
   |  ^^^^^^^^^^^^^^^^^^^^^^^^^^^^^^^^^^^^^^^^^^^^^^^^^^^^^^^^^^^^^^^^^^^^^^^^^^^^^^^^^^^^^^^^^^^^^^^^^^^^^^^^^^^^^^^^^^^^^^^^^^^^^^^^^^^^^^^^^^^^^^^^^^^^^^^^^^^^^^^^^^^^^^^^^^^^^^^^^^^^^^^^^^^^^^^^^^^^^^^^^^^^^^^^^^^^^^^^^^^^^^^^^^^^^^^^^^^^^^^^^^^^^^^^^^^^^^^^^^^^^^^^^^^^^^^^^^^^^^^^^^^^^^^^^^^^^^^^^^^^^^^^^^^^^
607|                                  placeholder="Enter key to decrypt..."
   |  ^^^^^^^^^^^^^^^^^^^^^^^^^^^^^^^^^^^^^^^^^^^^^^^^^^^^^^^^^^^^^^^^^^^^^
608|                              />
   |  ^^^^^^^^^^^^^^^^^^^^^^^^^^^^^^
609|                              <p v-if="decryptError" class="text-vault-error text-xs">{{ decryptError }}</p>
   |  ^^^^^^^^^^^^^^^^^^^^^^^^^^^^^^^^^^^^^^^^^^^^^^^^^^^^^^^^^^^^^^^^^^^^^^^^^^^^^^^^^^^^^^^^^^^^^^^^^^^^^^^^^^
610|                          </div>
   |  ^^^^^^^^^^^^^^^^^^^^^^^^^^^^^^
611|                          
   |  ^^^^^^^^^^^^^^^^^^^^^^^^
612|                          <button
   |  ^^^^^^^^^^^^^^^^^^^^^^^^^^^^^^^
613|                              @click="handleDecrypt"
   |  ^^^^^^^^^^^^^^^^^^^^^^^^^^^^^^^^^^^^^^^^^^^^^^^^^^
614|                              type="button"
   |  ^^^^^^^^^^^^^^^^^^^^^^^^^^^^^^^^^^^^^^^^^
615|                              class="bg-vault-primary text-vault-on-primary font-label-md text-label-md py-3 px-8 rounded hover:bg-vault-primary-container transition-colors mt-2"
   |  ^^^^^^^^^^^^^^^^^^^^^^^^^^^^^^^^^^^^^^^^^^^^^^^^^^^^^^^^^^^^^^^^^^^^^^^^^^^^^^^^^^^^^^^^^^^^^^^^^^^^^^^^^^^^^^^^^^^^^^^^^^^^^^^^^^^^^^^^^^^^^^^^^^^^^^^^^^^^^^^^^^^^^^^^^^^^^^^^
616|                          >
   |  ^^^^^^^^^^^^^^^^^^^^^^^^^
617|                              Decrypt Payload
   |  ^^^^^^^^^^^^^^^^^^^^^^^^^^^^^^^^^^^^^^^^^^^
618|                          </button>
   |  ^^^^^^^^^^^^^^^^^^^^^^^^^^^^^^^^^
619|                      </div>
   |  ^^^^^^^^^^^^^^^^^^^^^^^^^^
620|  
   |  ^
621|                      <div v-else class="flex flex-col gap-4">
   |  ^^^^^^^^^^^^^^^^^^^^^^^^^^^^^^^^^^^^^^^^^^^^^^^^^^^^^^^^^^^^
622|                          <label class="font-label-sm text-label-sm uppercase text-vault-secondary select-none">Decrypted Payload</label>
   |  ^^^^^^^^^^^^^^^^^^^^^^^^^^^^^^^^^^^^^^^^^^^^^^^^^^^^^^^^^^^^^^^^^^^^^^^^^^^^^^^^^^^^^^^^^^^^^^^^^^^^^^^^^^^^^^^^^^^^^^^^^^^^^^^^^^^^^^^
623|                          <pre class="w-full bg-vault-surface-container-low border border-vault-outline-variant rounded p-4 font-mono-custom text-sm text-vault-on-surface overflow-x-auto break-all whitespace-pre-wrap select-text max-h-[400px] overflow-y-auto">{{ decryptedPayload }}</pre>
   |  ^^^^^^^^^^^^^^^^^^^^^^^^^^^^^^^^^^^^^^^^^^^^^^^^^^^^^^^^^^^^^^^^^^^^^^^^^^^^^^^^^^^^^^^^^^^^^^^^^^^^^^^^^^^^^^^^^^^^^^^^^^^^^^^^^^^^^^^^^^^^^^^^^^^^^^^^^^^^^^^^^^^^^^^^^^^^^^^^^^^^^^^^^^^^^^^^^^^^^^^^^^^^^^^^^^^^^^^^^^^^^^^^^^^^^^^^^^^^^^^^^^^^^^^^^^^^^^^^^^^^^^^^^^^^^^^^^^^^^^^^^^^^^^
624|                          
   |  ^^^^^^^^^^^^^^^^^^^^^^^^
625|                          <div v-if="fetchedSecretPayload?.file_paths?.length > 0" class="flex flex-col gap-2 mt-4">
   |  ^^^^^^^^^^^^^^^^^^^^^^^^^^^^^^^^^^^^^^^^^^^^^^^^^^^^^^^^^^^^^^^^^^^^^^^^^^^^^^^^^^^^^^^^^^^^^^^^^^^^^^^^^^^^^^^^^^
626|                              <label class="font-label-sm text-label-sm uppercase text-vault-secondary select-none">Attached Files</label>
   |  ^^^^^^^^^^^^^^^^^^^^^^^^^^^^^^^^^^^^^^^^^^^^^^^^^^^^^^^^^^^^^^^^^^^^^^^^^^^^^^^^^^^^^^^^^^^^^^^^^^^^^^^^^^^^^^^^^^^^^^^^^^^^^^^^^^^^^^^^
627|                              <ul class="flex flex-col gap-2">
   |  ^^^^^^^^^^^^^^^^^^^^^^^^^^^^^^^^^^^^^^^^^^^^^^^^^^^^^^^^^^^^
628|                                  <li v-for="(path, i) in fetchedSecretPayload.file_paths" :key="i" class="bg-vault-surface-container-low border border-vault-outline-variant p-3 rounded flex items-center justify-between">
   |  ^^^^^^^^^^^^^^^^^^^^^^^^^^^^^^^^^^^^^^^^^^^^^^^^^^^^^^^^^^^^^^^^^^^^^^^^^^^^^^^^^^^^^^^^^^^^^^^^^^^^^^^^^^^^^^^^^^^^^^^^^^^^^^^^^^^^^^^^^^^^^^^^^^^^^^^^^^^^^^^^^^^^^^^^^^^^^^^^^^^^^^^^^^^^^^^^^^^^^^^^^^^^^^^^^^^^^^^^^^^
629|                                      <span class="font-mono-custom text-sm text-vault-on-surface truncate">{{ path.split('/').pop() }}</span>
   |  ^^^^^^^^^^^^^^^^^^^^^^^^^^^^^^^^^^^^^^^^^^^^^^^^^^^^^^^^^^^^^^^^^^^^^^^^^^^^^^^^^^^^^^^^^^^^^^^^^^^^^^^^^^^^^^^^^^^^^^^^^^^^^^^^^^^^^^^^^^^^
630|                                  </li>
   |  ^^^^^^^^^^^^^^^^^^^^^^^^^^^^^^^^^^^^^
631|                              </ul>
   |  ^^^^^^^^^^^^^^^^^^^^^^^^^^^^^^^^^
632|                          </div>
   |  ^^^^^^^^^^^^^^^^^^^^^^^^^^^^^^
633|                      </div>
   |  ^^^^^^^^^^^^^^^^^^^^^^^^^^
634|  
   |  ^
635|                      <div class="pt-6 border-t border-vault-outline-variant/50 flex justify-end">
   |  ^^^^^^^^^^^^^^^^^^^^^^^^^^^^^^^^^^^^^^^^^^^^^^^^^^^^^^^^^^^^^^^^^^^^^^^^^^^^^^^^^^^^^^^^^^^^^^^^
636|                          <button
   |  ^^^^^^^^^^^^^^^^^^^^^^^^^^^^^^^
637|                              @click="handleClearRetrieved"
   |  ^^^^^^^^^^^^^^^^^^^^^^^^^^^^^^^^^^^^^^^^^^^^^^^^^^^^^^^^^
638|                              type="button"
   |  ^^^^^^^^^^^^^^^^^^^^^^^^^^^^^^^^^^^^^^^^^
639|                              class="w-full md:w-auto bg-vault-surface-container-low border border-vault-outline-variant text-vault-on-surface font-label-md text-label-md py-3 px-8 rounded hover:bg-vault-surface-container-high transition-colors"
   |  ^^^^^^^^^^^^^^^^^^^^^^^^^^^^^^^^^^^^^^^^^^^^^^^^^^^^^^^^^^^^^^^^^^^^^^^^^^^^^^^^^^^^^^^^^^^^^^^^^^^^^^^^^^^^^^^^^^^^^^^^^^^^^^^^^^^^^^^^^^^^^^^^^^^^^^^^^^^^^^^^^^^^^^^^^^^^^^^^^^^^^^^^^^^^^^^^^^^^^^^^^^^^^^^^^^^^^^^^^^^^^^^^^^^^^^^^^^^^^^^^^^^
640|                          >
   |  ^^^^^^^^^^^^^^^^^^^^^^^^^
641|                              Done
   |  ^^^^^^^^^^^^^^^^^^^^^^^^^^^^^^^^
642|                          </button>
   |  ^^^^^^^^^^^^^^^^^^^^^^^^^^^^^^^^^
643|                      </div>
   |  ^^^^^^^^^^^^^^^^^^^^^^^^^^
644|                  </div>
   |  ^^^^^^^^^^^^^^^^^^^^^^
    at createCompilerError (/home/shreyash/Desktop/onelink/ilusion_secrets/node_modules/@vue/compiler-core/dist/compiler-core.cjs.prod.js:1374:17)
    at processIf (/home/shreyash/Desktop/onelink/ilusion_secrets/node_modules/@vue/compiler-core/dist/compiler-core.cjs.prod.js:4671:13)
    at /home/shreyash/Desktop/onelink/ilusion_secrets/node_modules/@vue/compiler-core/dist/compiler-core.cjs.prod.js:4608:12
    at Array.<anonymous> (/home/shreyash/Desktop/onelink/ilusion_secrets/node_modules/@vue/compiler-core/dist/compiler-core.cjs.prod.js:3607:26)
    at traverseNode (/home/shreyash/Desktop/onelink/ilusion_secrets/node_modules/@vue/compiler-core/dist/compiler-core.cjs.prod.js:3549:38)
    at traverseChildren (/home/shreyash/Desktop/onelink/ilusion_secrets/node_modules/@vue/compiler-core/dist/compiler-core.cjs.prod.js:3541:5)
    at traverseNode (/home/shreyash/Desktop/onelink/ilusion_secrets/node_modules/@vue/compiler-core/dist/compiler-core.cjs.prod.js:3584:7)
    at traverseChildren (/home/shreyash/Desktop/onelink/ilusion_secrets/node_modules/@vue/compiler-core/dist/compiler-core.cjs.prod.js:3541:5)
    at traverseNode (/home/shreyash/Desktop/onelink/ilusion_secrets/node_modules/@vue/compiler-core/dist/compiler-core.cjs.prod.js:3584:7)
    at traverseChildren (/home/shreyash/Desktop/onelink/ilusion_secrets/node_modules/@vue/compiler-core/dist/compiler-core.cjs.prod.js:3541:5)
    at aggregateBindingErrorsIntoJsError (file:///home/shreyash/Desktop/onelink/ilusion_secrets/node_modules/rolldown/dist/shared/error-BuvQYXuZ.mjs:48:18)
    at unwrapBindingResult (file:///home/shreyash/Desktop/onelink/ilusion_secrets/node_modules/rolldown/dist/shared/error-BuvQYXuZ.mjs:18:128)
    at #build (file:///home/shreyash/Desktop/onelink/ilusion_secrets/node_modules/rolldown/dist/shared/rolldown-build-CrPk_lZe.mjs:3246:34)
    at async buildEnvironment (file:///home/shreyash/Desktop/onelink/ilusion_secrets/node_modules/vite/dist/node/chunks/node.js:33253:64)
    at async Object.build (file:///home/shreyash/Desktop/onelink/ilusion_secrets/node_modules/vite/dist/node/chunks/node.js:33675:19)
    at async Object.buildApp (file:///home/shreyash/Desktop/onelink/ilusion_secrets/node_modules/vite/dist/node/chunks/node.js:33672:153)
    at async CAC.<anonymous> (file:///home/shreyash/Desktop/onelink/ilusion_secrets/node_modules/vite/dist/node/cli.js:777:3) {
  errors: [Getter/Setter]
}
